13:56:49 **** Incremental Build of configuration Debug for project pingpong0729led ****
make all 
'Building file: ../src/helloworld.c'
'Invoking: MicroBlaze gcc compiler'
mb-gcc -Wall -O0 -g3 -c -fmessage-length=0 -MT"src/helloworld.o" -IE:/newGenesysDDR/Vitis/1p4led_0729/Genesys_wrapper_0729led/export/Genesys_wrapper_0729led/sw/Genesys_wrapper_0729led/standalone_domain/bspinclude/include -mlittle-endian -mcpu=v11.0 -mxl-soft-mul -Wl,--no-relax -ffunction-sections -fdata-sections -MMD -MP -MF"src/helloworld.d" -MT"src/helloworld.o" -o "src/helloworld.o" "../src/helloworld.c"
../src/helloworld.c: In function 'main':
../src/helloworld.c:69:27: warning: format '%ld' expects argument of type 'long int', but argument 2 has type 'unsigned int' [-Wformat=]
     printf("the HALF is %ld\n", *HALF);
                         ~~^     ~~~~~
                         %d
'Finished building: ../src/helloworld.c'
' '
'Building target: pingpong0729led.elf'
'Invoking: MicroBlaze gcc linker'
mb-gcc -Wl,-T -Wl,../src/lscript.ld -LE:/newGenesysDDR/Vitis/1p4led_0729/Genesys_wrapper_0729led/export/Genesys_wrapper_0729led/sw/Genesys_wrapper_0729led/standalone_domain/bsplib/lib -mlittle-endian -mcpu=v11.0 -mxl-soft-mul -Wl,--no-relax -Wl,--gc-sections -o "pingpong0729led.elf"  ./src/helloworld.o ./src/platform.o   -Wl,--start-group,-lxil,-lgcc,-lc,--end-group
'Finished building target: pingpong0729led.elf'
' '
'Invoking: MicroBlaze Print Size'
mb-size pingpong0729led.elf  |tee "pingpong0729led.elf.size"
   text	   data	    bss	    dec	    hex	filename
  97284	   1676	   3176	 102136	  18ef8	pingpong0729led.elf
'Finished building: pingpong0729led.elf.size'
' '

13:56:50 Build Finished (took 420ms)

