11:06:40 **** Build of configuration Debug for project 0802V2 ****
make all 
'Building file: ../src/helloworld.c'
'Invoking: MicroBlaze gcc compiler'
mb-gcc -Wall -O0 -g3 -c -fmessage-length=0 -MT"src/helloworld.o" -IE:/newGenesysDDR/Vitis/0802vitis2/Genesys_wrapper/export/Genesys_wrapper/sw/Genesys_wrapper/standalone_domain/bspinclude/include -mlittle-endian -mcpu=v11.0 -mxl-soft-mul -Wl,--no-relax -ffunction-sections -fdata-sections -MMD -MP -MF"src/helloworld.d" -MT"src/helloworld.o" -o "src/helloworld.o" "../src/helloworld.c"
../src/helloworld.c: In function 'main':
../src/helloworld.c:71:27: warning: format '%ld' expects argument of type 'long int', but argument 2 has type 'unsigned int' [-Wformat=]
     printf("the HALF is %ld\n", *HALF);
                         ~~^     ~~~~~
                         %d
../src/helloworld.c:78:9: warning: unused variable 'b' [-Wunused-variable]
     int b = 0xAAA; //101010101010
         ^
'Finished building: ../src/helloworld.c'
' '
'Building file: ../src/platform.c'
'Invoking: MicroBlaze gcc compiler'
mb-gcc -Wall -O0 -g3 -c -fmessage-length=0 -MT"src/platform.o" -IE:/newGenesysDDR/Vitis/0802vitis2/Genesys_wrapper/export/Genesys_wrapper/sw/Genesys_wrapper/standalone_domain/bspinclude/include -mlittle-endian -mcpu=v11.0 -mxl-soft-mul -Wl,--no-relax -ffunction-sections -fdata-sections -MMD -MP -MF"src/platform.d" -MT"src/platform.o" -o "src/platform.o" "../src/platform.c"
'Finished building: ../src/platform.c'
' '
'Building target: 0802V2.elf'
'Invoking: MicroBlaze gcc linker'
mb-gcc -Wl,-T -Wl,../src/lscript.ld -LE:/newGenesysDDR/Vitis/0802vitis2/Genesys_wrapper/export/Genesys_wrapper/sw/Genesys_wrapper/standalone_domain/bsplib/lib -mlittle-endian -mcpu=v11.0 -mxl-soft-mul -Wl,--no-relax -Wl,--gc-sections -o "0802V2.elf"  ./src/helloworld.o ./src/platform.o   -Wl,--start-group,-lxil,-lgcc,-lc,--end-group
'Finished building target: 0802V2.elf'
' '
'Invoking: MicroBlaze Print Size'
mb-size 0802V2.elf  |tee "0802V2.elf.size"
   text	   data	    bss	    dec	    hex	filename
  97344	   1684	   3172	 102200	  18f38	0802V2.elf
'Finished building: 0802V2.elf.size'
' '

11:06:41 Build Finished (took 731ms)

