17:17:38 **** Incremental Build of configuration Debug for project DDR ****
make all 
'Building file: ../src/helloworld.c'
'Invoking: MicroBlaze gcc compiler'
mb-gcc -Wall -O0 -g3 -c -fmessage-length=0 -MT"src/helloworld.o" -IC:/Users/xujia/Genesys/Vitis/Genesys_wrapper/export/Genesys_wrapper/sw/Genesys_wrapper/standalone_domain/bspinclude/include -mlittle-endian -mcpu=v11.0 -mxl-soft-mul -Wl,--no-relax -ffunction-sections -fdata-sections -MMD -MP -MF"src/helloworld.d" -MT"src/helloworld.o" -o "src/helloworld.o" "../src/helloworld.c"
'Finished building: ../src/helloworld.c'
' '
'Building target: DDR.elf'
'Invoking: MicroBlaze gcc linker'
mb-gcc -Wl,-T -Wl,../src/lscript.ld -LC:/Users/xujia/Genesys/Vitis/Genesys_wrapper/export/Genesys_wrapper/sw/Genesys_wrapper/standalone_domain/bsplib/lib -mlittle-endian -mcpu=v11.0 -mxl-soft-mul -Wl,--no-relax -Wl,--gc-sections -o "DDR.elf"  ./src/helloworld.o ./src/platform.o   -Wl,--start-group,-lxil,-lgcc,-lc,--end-group
'Finished building target: DDR.elf'
' '
'Invoking: MicroBlaze Print Size'
mb-size DDR.elf  |tee "DDR.elf.size"
   text	   data	    bss	    dec	    hex	filename
   2808	    276	   3108	   6192	   1830	DDR.elf
'Finished building: DDR.elf.size'
' '

17:17:39 Build Finished (took 1s.180ms)

